// Jest Snapshot v1, https://goo.gl/fbAQLP

exports[`Should render ImageGridView with images array length >0 Should match Snapshot 1`] = `null`;

exports[`Should render ImageGridView with images blank array Should match Snapshot 1`] = `
<View
  style={
    Object {
      "flex": 1,
    }
  }
>
  <RCTScrollView
    data={Array []}
    getItem={[Function]}
    getItemCount={[Function]}
    keyExtractor={[Function]}
    onContentSizeChange={[Function]}
    onLayout={[Function]}
    onMomentumScrollBegin={[Function]}
    onMomentumScrollEnd={[Function]}
    onScroll={[Function]}
    onScrollBeginDrag={[Function]}
    onScrollEndDrag={[Function]}
    removeClippedSubviews={false}
    renderItem={[Function]}
    scrollEventThrottle={50}
    stickyHeaderIndices={Array []}
    viewabilityConfigCallbackPairs={Array []}
  >
    <View />
  </RCTScrollView>
</View>
`;

exports[`Should render ImageGridView with no images props Should match Snapshot 1`] = `null`;
